
> wirenet@1.0.0 build
> vite build

[36mvite v5.4.21 [32mbuilding for production...[36m[39m
transforming...
[32mΓ£ô[39m 2045 modules transformed.
rendering chunks...
computing gzip size...
[2mdist/[22m[32mindex.html                [39m[1m[2m  0.93 kB[22m[1m[22m[2m Γöé gzip:   0.49 kB[22m
[2mdist/[22m[35massets/main-DmIsgLIU.css  [39m[1m[2m 41.69 kB[22m[1m[22m[2m Γöé gzip:   7.36 kB[22m
[2mdist/[22m[36massets/main-BWEUWuhd.js   [39m[1m[33m659.02 kB[39m[22m[2m Γöé gzip: 177.00 kB[22m
npm : [33m
At line:1 char:1
+ npm run build 2>&1 | Tee-Object 
build-output.txt
+ ~~~~~~~~~~~~~~~~~~
    + CategoryInfo          : NotSpecified: ([ 
   33m:String) [], RemoteException
    + FullyQualifiedErrorId : NativeCommandErro 
   r
 
(!) Some chunks are larger than 500 kB after 
minification. Consider:
- Using dynamic import() to code-split the 
application
- Use build.rollupOptions.output.manualChunks 
to improve chunking: https://rollupjs.org/config
uration-options/#output-manualchunks
- Adjust chunk size limit for this warning via 
build.chunkSizeWarningLimit.[39m
[32mΓ£ô built in 1m 8s[39m
